// Jest Snapshot v1, https://goo.gl/fbAQLP

exports[`Chart should be pass correctly formatted configuration options to billboard.js 1`] = `"{\\"axis\\":{},\\"color\\":{\\"pattern\\":[\\"#4B9BFF\\",\\"#FFD76E\\",\\"#FF5F5F\\",\\"#9CE269\\",\\"#AF78FF\\",\\"#50D2A0\\",\\"#FF73C3\\",\\"#FFB64E\\",\\"#5FC8FF\\"],\\"tiles\\":false},\\"data\\":{\\"colors\\":{},\\"hide\\":false,\\"order\\":\\"desc\\",\\"type\\":\\"line\\",\\"columns\\":[]},\\"grid\\":{\\"x\\":{\\"show\\":true},\\"y\\":{\\"show\\":true}},\\"line\\":{\\"classes\\":[\\"bb-line-dashed-2-2\\",\\"bb-line-dashed-2-3\\",\\"bb-line-dashed-2-4\\",\\"bb-line-dashed-3-2\\",\\"bb-line-dashed-3-3\\",\\"bb-line-dashed-3-4\\",\\"bb-line-dashed-4-2\\",\\"bb-line-dashed-4-3\\",\\"bb-line-dashed-4-4\\"]},\\"point\\":{\\"pattern\\":[\\"circle\\",\\"rectangle\\",\\"<polygon points=\\\\\\"2.5 0 0 5 5 5\\\\\\"></polygon>\\",\\"<polygon points=\\\\\\"2.5 0 0 2.5 2.5 5 5 2.5\\\\\\"></polygon>\\",\\"<polygon points=\\\\\\"0 0 2.5 5 5 0\\\\\\"></polygon>\\",\\"<path d=\\\\\\"M5,5 a1,1 0 1,1 5,0\\\\\\">\\",\\"<path d=\\\\\\"M0,0 a1,1 0 0,0 5,0\\\\\\">\\",\\"<rect width=\\\\\\"5\\\\\\" height=\\\\\\"2.5\\\\\\"></rect>\\",\\"<rect width=\\\\\\"2.5\\\\\\" height=\\\\\\"5\\\\\\"></rect>\\"]},\\"zoom\\":{}}"`;

exports[`Chart should format columns array into billboard.js compatible data 1`] = `"{\\"axis\\":{},\\"color\\":{\\"pattern\\":[\\"#4B9BFF\\",\\"#FFD76E\\",\\"#FF5F5F\\",\\"#9CE269\\",\\"#AF78FF\\",\\"#50D2A0\\",\\"#FF73C3\\",\\"#FFB64E\\",\\"#5FC8FF\\"],\\"tiles\\":false},\\"data\\":{\\"colors\\":{\\"data1\\":\\"red\\",\\"data2\\":\\"blue\\"},\\"hide\\":[\\"data1\\"],\\"order\\":\\"desc\\",\\"type\\":\\"line\\",\\"xs\\":{\\"data1\\":\\"x1\\",\\"data2\\":\\"x2\\"},\\"columns\\":[[\\"data1\\",1,2,3],[\\"data2\\",1,2,3]],\\"axes\\":{\\"data1\\":\\"y\\",\\"data2\\":\\"y2\\"},\\"classes\\":{\\"data1\\":\\"data1\\",\\"data2\\":\\"data2\\"},\\"names\\":{\\"data1\\":\\"Data 1\\",\\"data2\\":\\"Data 2\\"},\\"regions\\":{\\"data1\\":[{\\"end\\":2,\\"start\\":1,\\"style\\":\\"dashed\\"}],\\"data2\\":[{\\"end\\":3,\\"start\\":2,\\"style\\":\\"dashed\\"}]},\\"types\\":{\\"data1\\":\\"line\\",\\"data2\\":\\"spline\\"}},\\"grid\\":{\\"x\\":{\\"show\\":true},\\"y\\":{\\"show\\":true}},\\"line\\":{\\"classes\\":[\\"bb-line-dashed-2-2\\",\\"bb-line-dashed-2-3\\",\\"bb-line-dashed-2-4\\",\\"bb-line-dashed-3-2\\",\\"bb-line-dashed-3-3\\",\\"bb-line-dashed-3-4\\",\\"bb-line-dashed-4-2\\",\\"bb-line-dashed-4-3\\",\\"bb-line-dashed-4-4\\"]},\\"point\\":{\\"pattern\\":[\\"circle\\",\\"rectangle\\",\\"<polygon points=\\\\\\"2.5 0 0 5 5 5\\\\\\"></polygon>\\",\\"<polygon points=\\\\\\"2.5 0 0 2.5 2.5 5 5 2.5\\\\\\"></polygon>\\",\\"<polygon points=\\\\\\"0 0 2.5 5 5 0\\\\\\"></polygon>\\",\\"<path d=\\\\\\"M5,5 a1,1 0 1,1 5,0\\\\\\">\\",\\"<path d=\\\\\\"M0,0 a1,1 0 0,0 5,0\\\\\\">\\",\\"<rect width=\\\\\\"5\\\\\\" height=\\\\\\"2.5\\\\\\"></rect>\\",\\"<rect width=\\\\\\"2.5\\\\\\" height=\\\\\\"5\\\\\\"></rect>\\"]},\\"zoom\\":{}}"`;

exports[`Chart should rerender chart when new columns are passed 1`] = `"{\\"colors\\":{},\\"hide\\":false,\\"order\\":\\"desc\\",\\"type\\":\\"line\\",\\"columns\\":[[\\"data1\\",1,2,3,4]]}"`;

exports[`Chart should unload removed columns when new columns are passed 1`] = `"{\\"colors\\":{},\\"hide\\":false,\\"order\\":\\"desc\\",\\"type\\":\\"line\\",\\"columns\\":[[\\"data2\\",1,2,3]],\\"unload\\":[\\"data1\\"]}"`;
