// Jest Snapshot v1, https://goo.gl/fbAQLP

exports[`Interactions Use custom function for filtering autocomplete results 1`] = `null`;

exports[`Interactions Use custom function for filtering autocomplete results 2`] = `null`;
