// Jest Snapshot v1, https://goo.gl/fbAQLP

exports[`BasicRendering renders by default 1`] = `"<div class=\\"clay-time\\"><div class=\\"input-group\\"><div class=\\"input-group-item input-group-item-shrink\\"><div class=\\"form-control\\" data-testid=\\"formControl\\"><div class=\\"clay-time-edit\\"><input aria-label=\\"Enter the hour in 00:00 format\\" class=\\"clay-time-hours form-control-inset\\" data-testid=\\"hours\\" maxlength=\\"2\\" readonly=\\"\\" type=\\"text\\" value=\\"--\\"><span class=\\"clay-time-divider\\">:</span><input aria-label=\\"Enter the minutes in 00:00 format\\" class=\\"clay-time-minutes form-control-inset\\" data-testid=\\"minutes\\" maxlength=\\"2\\" readonly=\\"\\" type=\\"text\\" value=\\"--\\"></div><div class=\\"clay-time-action-group\\"><div class=\\"clay-time-action-group-item\\" data-testid=\\"containerReset\\" style=\\"opacity: 0; pointer-events: none;\\"><button class=\\"clay-time-clear-btn btn btn-unstyled\\" type=\\"button\\" aria-label=\\"Delete the entered time\\"><svg class=\\"lexicon-icon lexicon-icon-times-circle\\" role=\\"presentation\\"><use xlink:href=\\"icons.svg#times-circle\\"></use></svg></button></div><div class=\\"clay-time-action-group-item\\" data-testid=\\"containerSpin\\" style=\\"opacity: 0;\\"><div class=\\"btn-group-vertical clay-time-inner-spin\\" role=\\"group\\"><button class=\\"clay-time-inner-spin-btn clay-time-inner-spin-btn-inc btn btn-secondary\\" type=\\"button\\" data-testid=\\"spinInc\\"><svg class=\\"lexicon-icon lexicon-icon-angle-up\\" role=\\"presentation\\"><use xlink:href=\\"icons.svg#angle-up\\"></use></svg></button><button class=\\"clay-time-inner-spin-btn clay-time-inner-spin-btn-dec btn btn-secondary\\" type=\\"button\\" data-testid=\\"spinDec\\"><svg class=\\"lexicon-icon lexicon-icon-angle-down\\" role=\\"presentation\\"><use xlink:href=\\"icons.svg#angle-down\\"></use></svg></button></div></div></div></div></div></div></div>"`;

exports[`BasicRendering renders time picker with 12 hours 1`] = `"<div class=\\"clay-time\\"><div class=\\"input-group\\"><div class=\\"input-group-item input-group-item-shrink\\"><div class=\\"form-control\\" data-testid=\\"formControl\\"><div class=\\"clay-time-edit\\"><input aria-label=\\"Enter the hour in 00:00 format\\" class=\\"clay-time-hours form-control-inset\\" data-testid=\\"hours\\" maxlength=\\"2\\" readonly=\\"\\" type=\\"text\\" value=\\"--\\"><span class=\\"clay-time-divider\\">:</span><input aria-label=\\"Enter the minutes in 00:00 format\\" class=\\"clay-time-minutes form-control-inset\\" data-testid=\\"minutes\\" maxlength=\\"2\\" readonly=\\"\\" type=\\"text\\" value=\\"--\\"><input aria-label=\\"Select time of day (AM/PM) using up (PM) and down (AM) arrow keys\\" class=\\"clay-time-ampm form-control-inset\\" data-testid=\\"ampm\\" max-length=\\"2\\" readonly=\\"\\" type=\\"text\\" value=\\"--\\"></div><div class=\\"clay-time-action-group\\"><div class=\\"clay-time-action-group-item\\" data-testid=\\"containerReset\\" style=\\"opacity: 0; pointer-events: none;\\"><button class=\\"clay-time-clear-btn btn btn-unstyled\\" type=\\"button\\" aria-label=\\"Delete the entered time\\"><svg class=\\"lexicon-icon lexicon-icon-times-circle\\" role=\\"presentation\\"><use xlink:href=\\"icons.svg#times-circle\\"></use></svg></button></div><div class=\\"clay-time-action-group-item\\" data-testid=\\"containerSpin\\" style=\\"opacity: 0;\\"><div class=\\"btn-group-vertical clay-time-inner-spin\\" role=\\"group\\"><button class=\\"clay-time-inner-spin-btn clay-time-inner-spin-btn-inc btn btn-secondary\\" type=\\"button\\" data-testid=\\"spinInc\\"><svg class=\\"lexicon-icon lexicon-icon-angle-up\\" role=\\"presentation\\"><use xlink:href=\\"icons.svg#angle-up\\"></use></svg></button><button class=\\"clay-time-inner-spin-btn clay-time-inner-spin-btn-dec btn btn-secondary\\" type=\\"button\\" data-testid=\\"spinDec\\"><svg class=\\"lexicon-icon lexicon-icon-angle-down\\" role=\\"presentation\\"><use xlink:href=\\"icons.svg#angle-down\\"></use></svg></button></div></div></div></div></div></div></div>"`;

exports[`BasicRendering renders time picker with a hidden input when the name attribute is provided 1`] = `"<div class=\\"clay-time\\"><div class=\\"input-group\\"><div class=\\"input-group-item input-group-item-shrink\\"><div class=\\"form-control\\" data-testid=\\"formControl\\"><div class=\\"clay-time-edit\\"><input aria-label=\\"Enter the hour in 00:00 format\\" class=\\"clay-time-hours form-control-inset\\" data-testid=\\"hours\\" maxlength=\\"2\\" readonly=\\"\\" type=\\"text\\" value=\\"--\\"><span class=\\"clay-time-divider\\">:</span><input aria-label=\\"Enter the minutes in 00:00 format\\" class=\\"clay-time-minutes form-control-inset\\" data-testid=\\"minutes\\" maxlength=\\"2\\" readonly=\\"\\" type=\\"text\\" value=\\"--\\"><input name=\\"time-picker\\" type=\\"hidden\\" value=\\"--:--\\"></div><div class=\\"clay-time-action-group\\"><div class=\\"clay-time-action-group-item\\" data-testid=\\"containerReset\\" style=\\"opacity: 0; pointer-events: none;\\"><button class=\\"clay-time-clear-btn btn btn-unstyled\\" type=\\"button\\" aria-label=\\"Delete the entered time\\"><svg class=\\"lexicon-icon lexicon-icon-times-circle\\" role=\\"presentation\\"><use xlink:href=\\"icons.svg#times-circle\\"></use></svg></button></div><div class=\\"clay-time-action-group-item\\" data-testid=\\"containerSpin\\" style=\\"opacity: 0;\\"><div class=\\"btn-group-vertical clay-time-inner-spin\\" role=\\"group\\"><button class=\\"clay-time-inner-spin-btn clay-time-inner-spin-btn-inc btn btn-secondary\\" type=\\"button\\" data-testid=\\"spinInc\\"><svg class=\\"lexicon-icon lexicon-icon-angle-up\\" role=\\"presentation\\"><use xlink:href=\\"icons.svg#angle-up\\"></use></svg></button><button class=\\"clay-time-inner-spin-btn clay-time-inner-spin-btn-dec btn btn-secondary\\" type=\\"button\\" data-testid=\\"spinDec\\"><svg class=\\"lexicon-icon lexicon-icon-angle-down\\" role=\\"presentation\\"><use xlink:href=\\"icons.svg#angle-down\\"></use></svg></button></div></div></div></div></div></div></div>"`;

exports[`BasicRendering renders time picker with disabled 1`] = `"<div class=\\"clay-time\\"><div class=\\"input-group\\"><div class=\\"input-group-item input-group-item-shrink\\"><div class=\\"form-control disabled\\" data-testid=\\"formControl\\"><div class=\\"clay-time-edit\\"><input aria-label=\\"Enter the hour in 00:00 format\\" class=\\"clay-time-hours form-control-inset\\" data-testid=\\"hours\\" disabled=\\"\\" maxlength=\\"2\\" readonly=\\"\\" type=\\"text\\" value=\\"--\\"><span class=\\"clay-time-divider\\">:</span><input aria-label=\\"Enter the minutes in 00:00 format\\" class=\\"clay-time-minutes form-control-inset\\" data-testid=\\"minutes\\" disabled=\\"\\" maxlength=\\"2\\" readonly=\\"\\" type=\\"text\\" value=\\"--\\"></div><div class=\\"clay-time-action-group\\"><div class=\\"clay-time-action-group-item\\" data-testid=\\"containerReset\\" style=\\"opacity: 0; pointer-events: none;\\"><button class=\\"clay-time-clear-btn btn btn-unstyled\\" type=\\"button\\" aria-label=\\"Delete the entered time\\" disabled=\\"\\"><svg class=\\"lexicon-icon lexicon-icon-times-circle\\" role=\\"presentation\\"><use xlink:href=\\"icons.svg#times-circle\\"></use></svg></button></div><div class=\\"clay-time-action-group-item\\" data-testid=\\"containerSpin\\" style=\\"opacity: 0;\\"><div class=\\"btn-group-vertical clay-time-inner-spin\\" role=\\"group\\"><button class=\\"clay-time-inner-spin-btn clay-time-inner-spin-btn-inc btn btn-secondary\\" type=\\"button\\" data-testid=\\"spinInc\\" disabled=\\"\\"><svg class=\\"lexicon-icon lexicon-icon-angle-up\\" role=\\"presentation\\"><use xlink:href=\\"icons.svg#angle-up\\"></use></svg></button><button class=\\"clay-time-inner-spin-btn clay-time-inner-spin-btn-dec btn btn-secondary\\" type=\\"button\\" data-testid=\\"spinDec\\" disabled=\\"\\"><svg class=\\"lexicon-icon lexicon-icon-angle-down\\" role=\\"presentation\\"><use xlink:href=\\"icons.svg#angle-down\\"></use></svg></button></div></div></div></div></div></div></div>"`;

exports[`BasicRendering renders time picker with icon 1`] = `"<div class=\\"clay-time\\"><div class=\\"input-group\\"><div class=\\"input-group-item input-group-item-shrink\\"><div class=\\"input-group-text\\"><svg class=\\"lexicon-icon lexicon-icon-time\\" role=\\"presentation\\"><use xlink:href=\\"icons.svg#time\\"></use></svg></div></div><div class=\\"input-group-item input-group-item-shrink\\"><div class=\\"form-control\\" data-testid=\\"formControl\\"><div class=\\"clay-time-edit\\"><input aria-label=\\"Enter the hour in 00:00 format\\" class=\\"clay-time-hours form-control-inset\\" data-testid=\\"hours\\" maxlength=\\"2\\" readonly=\\"\\" type=\\"text\\" value=\\"--\\"><span class=\\"clay-time-divider\\">:</span><input aria-label=\\"Enter the minutes in 00:00 format\\" class=\\"clay-time-minutes form-control-inset\\" data-testid=\\"minutes\\" maxlength=\\"2\\" readonly=\\"\\" type=\\"text\\" value=\\"--\\"></div><div class=\\"clay-time-action-group\\"><div class=\\"clay-time-action-group-item\\" data-testid=\\"containerReset\\" style=\\"opacity: 0; pointer-events: none;\\"><button class=\\"clay-time-clear-btn btn btn-unstyled\\" type=\\"button\\" aria-label=\\"Delete the entered time\\"><svg class=\\"lexicon-icon lexicon-icon-times-circle\\" role=\\"presentation\\"><use xlink:href=\\"icons.svg#times-circle\\"></use></svg></button></div><div class=\\"clay-time-action-group-item\\" data-testid=\\"containerSpin\\" style=\\"opacity: 0;\\"><div class=\\"btn-group-vertical clay-time-inner-spin\\" role=\\"group\\"><button class=\\"clay-time-inner-spin-btn clay-time-inner-spin-btn-inc btn btn-secondary\\" type=\\"button\\" data-testid=\\"spinInc\\"><svg class=\\"lexicon-icon lexicon-icon-angle-up\\" role=\\"presentation\\"><use xlink:href=\\"icons.svg#angle-up\\"></use></svg></button><button class=\\"clay-time-inner-spin-btn clay-time-inner-spin-btn-dec btn btn-secondary\\" type=\\"button\\" data-testid=\\"spinDec\\"><svg class=\\"lexicon-icon lexicon-icon-angle-down\\" role=\\"presentation\\"><use xlink:href=\\"icons.svg#angle-down\\"></use></svg></button></div></div></div></div></div></div></div>"`;

exports[`BasicRendering renders time picker with timezone 1`] = `"<div class=\\"clay-time\\"><div class=\\"input-group\\"><div class=\\"input-group-item input-group-item-shrink\\"><div class=\\"form-control\\" data-testid=\\"formControl\\"><div class=\\"clay-time-edit\\"><input aria-label=\\"Enter the hour in 00:00 format\\" class=\\"clay-time-hours form-control-inset\\" data-testid=\\"hours\\" maxlength=\\"2\\" readonly=\\"\\" type=\\"text\\" value=\\"--\\"><span class=\\"clay-time-divider\\">:</span><input aria-label=\\"Enter the minutes in 00:00 format\\" class=\\"clay-time-minutes form-control-inset\\" data-testid=\\"minutes\\" maxlength=\\"2\\" readonly=\\"\\" type=\\"text\\" value=\\"--\\"></div><div class=\\"clay-time-action-group\\"><div class=\\"clay-time-action-group-item\\" data-testid=\\"containerReset\\" style=\\"opacity: 0; pointer-events: none;\\"><button class=\\"clay-time-clear-btn btn btn-unstyled\\" type=\\"button\\" aria-label=\\"Delete the entered time\\"><svg class=\\"lexicon-icon lexicon-icon-times-circle\\" role=\\"presentation\\"><use xlink:href=\\"icons.svg#times-circle\\"></use></svg></button></div><div class=\\"clay-time-action-group-item\\" data-testid=\\"containerSpin\\" style=\\"opacity: 0;\\"><div class=\\"btn-group-vertical clay-time-inner-spin\\" role=\\"group\\"><button class=\\"clay-time-inner-spin-btn clay-time-inner-spin-btn-inc btn btn-secondary\\" type=\\"button\\" data-testid=\\"spinInc\\"><svg class=\\"lexicon-icon lexicon-icon-angle-up\\" role=\\"presentation\\"><use xlink:href=\\"icons.svg#angle-up\\"></use></svg></button><button class=\\"clay-time-inner-spin-btn clay-time-inner-spin-btn-dec btn btn-secondary\\" type=\\"button\\" data-testid=\\"spinDec\\"><svg class=\\"lexicon-icon lexicon-icon-angle-down\\" role=\\"presentation\\"><use xlink:href=\\"icons.svg#angle-down\\"></use></svg></button></div></div></div></div></div></div></div>"`;
