// Jest Snapshot v1, https://goo.gl/fbAQLP

exports[`ClayDropdown should render a dropdown with an icon trigger 1`] = `
<div class="dropdown">
  <button aria-expanded="false" aria-haspopup="true" aria-label="toggle" class="dropdown-toggle btn btn-unstyled" type="button">
    <svg aria-hidden="true" class="lexicon-icon lexicon-icon-list">
      <title>list</title>
      <use xlink:href="icons.svg#list"></use>
    </svg>
  </button>
</div>
<div class="dropdown-menu" ref="menu">
  <ul class="list-unstyled">
    <li>
      <a class=" dropdown-item" href="item1url">Item 1</a>
    </li>
    <li>
      <a class=" dropdown-item" href="item2url">Item 2</a>
    </li>
    <li>
      <a class=" dropdown-item active" href="item1ur3">Item 3</a>
    </li>
    <li>
      <a class=" dropdown-item disabled" href="javascript:;">Item 4</a>
    </li>
    <li class="dropdown-item">
      <div class="custom-control custom-checkbox custom-control-inline">
        <label>
          <input class="custom-control-input" name="checkbox5name" value="checkbox5value" ref="input" type="checkbox">
          <span class="custom-control-label">
            <span class="custom-control-label-text">Item 5</span>
          </span>
        </label>
      </div>
    </li>
    <li class="dropdown-item active">
      <div class="custom-control custom-checkbox custom-control-inline">
        <label>
          <input checked="" class="custom-control-input" name="checkbox6name" value="checkbox7value" ref="input" type="checkbox">
          <span class="custom-control-label">
            <span class="custom-control-label-text">Item 7</span>
          </span>
        </label>
      </div>
    </li>
    <li class="dropdown-item">
      <div class="custom-control custom-checkbox custom-control-inline">
        <label>
          <input disabled="disabled" class="custom-control-input" name="checkbox7name" value="checkbox7value" ref="input" type="checkbox">
          <span class="custom-control-label">
            <span class="custom-control-label-text">Item 7</span>
          </span>
        </label>
      </div>
    </li>
  </ul>
  <div class="dropdown-subheader" role="presentation">Radio Group</div>
  <div aria-label="Radio Group" role="radiogroup">
    <ul class="list-unstyled">
      <li class="dropdown-item">
        <div class="custom-control custom-radio custom-control-inline">
          <label>
            <input class="custom-control-input" value="radio8value" ref="input" type="radio" role="radio">
            <span class="custom-control-label">
              <span class="custom-control-label-text">Item 8</span>
            </span>
          </label>
        </div>
      </li>
      <li class="dropdown-item active">
        <div class="custom-control custom-radio custom-control-inline">
          <label>
            <input checked="" class="custom-control-input" value="radio9value" ref="input" type="radio" role="radio">
            <span class="custom-control-label">
              <span class="custom-control-label-text">Item 9</span>
            </span>
          </label>
        </div>
      </li>
      <li class="dropdown-item">
        <div class="custom-control custom-radio custom-control-inline">
          <label>
            <input disabled="disabled" class="custom-control-input" value="radio10value" ref="input" type="radio" role="radio">
            <span class="custom-control-label">
              <span class="custom-control-label-text">Item 10</span>
            </span>
          </label>
        </div>
      </li>
    </ul>
  </div>
  <div aria-hidden="true" class="dropdown-divider" role="presentation"></div>
</div>
`;

exports[`ClayDropdown should render a dropdown with classes 1`] = `
<div class="dropdown my-custom-class">
  <button aria-expanded="false" aria-haspopup="true" aria-label="toggle" class="dropdown-toggle btn btn-unstyled" type="button">Trigger
    <svg aria-hidden="true" class="lexicon-icon lexicon-icon-caret-bottom">
      <title>caret-bottom</title>
      <use xlink:href="icons.svg#caret-bottom"></use>
    </svg>
  </button>
</div>
<div class="dropdown-menu" ref="menu">
  <ul class="list-unstyled">
    <li>
      <a class=" dropdown-item" href="item1url">Item 1</a>
    </li>
    <li>
      <a class=" dropdown-item" href="item2url">Item 2</a>
    </li>
    <li>
      <a class=" dropdown-item active" href="item1ur3">Item 3</a>
    </li>
    <li>
      <a class=" dropdown-item disabled" href="javascript:;">Item 4</a>
    </li>
    <li class="dropdown-item">
      <div class="custom-control custom-checkbox custom-control-inline">
        <label>
          <input class="custom-control-input" name="checkbox5name" value="checkbox5value" ref="input" type="checkbox">
          <span class="custom-control-label">
            <span class="custom-control-label-text">Item 5</span>
          </span>
        </label>
      </div>
    </li>
    <li class="dropdown-item active">
      <div class="custom-control custom-checkbox custom-control-inline">
        <label>
          <input checked="" class="custom-control-input" name="checkbox6name" value="checkbox7value" ref="input" type="checkbox">
          <span class="custom-control-label">
            <span class="custom-control-label-text">Item 7</span>
          </span>
        </label>
      </div>
    </li>
    <li class="dropdown-item">
      <div class="custom-control custom-checkbox custom-control-inline">
        <label>
          <input disabled="disabled" class="custom-control-input" name="checkbox7name" value="checkbox7value" ref="input" type="checkbox">
          <span class="custom-control-label">
            <span class="custom-control-label-text">Item 7</span>
          </span>
        </label>
      </div>
    </li>
  </ul>
  <div class="dropdown-subheader" role="presentation">Radio Group</div>
  <div aria-label="Radio Group" role="radiogroup">
    <ul class="list-unstyled">
      <li class="dropdown-item">
        <div class="custom-control custom-radio custom-control-inline">
          <label>
            <input class="custom-control-input" value="radio8value" ref="input" type="radio" role="radio">
            <span class="custom-control-label">
              <span class="custom-control-label-text">Item 8</span>
            </span>
          </label>
        </div>
      </li>
      <li class="dropdown-item active">
        <div class="custom-control custom-radio custom-control-inline">
          <label>
            <input checked="" class="custom-control-input" value="radio9value" ref="input" type="radio" role="radio">
            <span class="custom-control-label">
              <span class="custom-control-label-text">Item 9</span>
            </span>
          </label>
        </div>
      </li>
      <li class="dropdown-item">
        <div class="custom-control custom-radio custom-control-inline">
          <label>
            <input disabled="disabled" class="custom-control-input" value="radio10value" ref="input" type="radio" role="radio">
            <span class="custom-control-label">
              <span class="custom-control-label-text">Item 10</span>
            </span>
          </label>
        </div>
      </li>
    </ul>
  </div>
  <div aria-hidden="true" class="dropdown-divider" role="presentation"></div>
</div>
`;

exports[`ClayDropdown should render a dropdown with id 1`] = `
<div class="dropdown" id="myId">
  <button aria-expanded="false" aria-haspopup="true" aria-label="toggle" class="dropdown-toggle btn btn-unstyled" type="button">Trigger
    <svg aria-hidden="true" class="lexicon-icon lexicon-icon-caret-bottom">
      <title>caret-bottom</title>
      <use xlink:href="icons.svg#caret-bottom"></use>
    </svg>
  </button>
</div>
<div class="dropdown-menu" ref="menu">
  <ul class="list-unstyled">
    <li>
      <a class=" dropdown-item" href="item1url">Item 1</a>
    </li>
    <li>
      <a class=" dropdown-item" href="item2url">Item 2</a>
    </li>
    <li>
      <a class=" dropdown-item active" href="item1ur3">Item 3</a>
    </li>
    <li>
      <a class=" dropdown-item disabled" href="javascript:;">Item 4</a>
    </li>
    <li class="dropdown-item">
      <div class="custom-control custom-checkbox custom-control-inline">
        <label>
          <input class="custom-control-input" name="checkbox5name" value="checkbox5value" ref="input" type="checkbox">
          <span class="custom-control-label">
            <span class="custom-control-label-text">Item 5</span>
          </span>
        </label>
      </div>
    </li>
    <li class="dropdown-item active">
      <div class="custom-control custom-checkbox custom-control-inline">
        <label>
          <input checked="" class="custom-control-input" name="checkbox6name" value="checkbox7value" ref="input" type="checkbox">
          <span class="custom-control-label">
            <span class="custom-control-label-text">Item 7</span>
          </span>
        </label>
      </div>
    </li>
    <li class="dropdown-item">
      <div class="custom-control custom-checkbox custom-control-inline">
        <label>
          <input disabled="disabled" class="custom-control-input" name="checkbox7name" value="checkbox7value" ref="input" type="checkbox">
          <span class="custom-control-label">
            <span class="custom-control-label-text">Item 7</span>
          </span>
        </label>
      </div>
    </li>
  </ul>
  <div class="dropdown-subheader" role="presentation">Radio Group</div>
  <div aria-label="Radio Group" role="radiogroup">
    <ul class="list-unstyled">
      <li class="dropdown-item">
        <div class="custom-control custom-radio custom-control-inline">
          <label>
            <input class="custom-control-input" value="radio8value" ref="input" type="radio" role="radio">
            <span class="custom-control-label">
              <span class="custom-control-label-text">Item 8</span>
            </span>
          </label>
        </div>
      </li>
      <li class="dropdown-item active">
        <div class="custom-control custom-radio custom-control-inline">
          <label>
            <input checked="" class="custom-control-input" value="radio9value" ref="input" type="radio" role="radio">
            <span class="custom-control-label">
              <span class="custom-control-label-text">Item 9</span>
            </span>
          </label>
        </div>
      </li>
      <li class="dropdown-item">
        <div class="custom-control custom-radio custom-control-inline">
          <label>
            <input disabled="disabled" class="custom-control-input" value="radio10value" ref="input" type="radio" role="radio">
            <span class="custom-control-label">
              <span class="custom-control-label-text">Item 10</span>
            </span>
          </label>
        </div>
      </li>
    </ul>
  </div>
  <div aria-hidden="true" class="dropdown-divider" role="presentation"></div>
</div>
`;

exports[`ClayDropdown should render a dropdown with items 1`] = `
<div class="dropdown">
  <button aria-expanded="false" aria-haspopup="true" aria-label="toggle" class="dropdown-toggle btn btn-unstyled" type="button">Trigger
    <svg aria-hidden="true" class="lexicon-icon lexicon-icon-caret-bottom">
      <title>caret-bottom</title>
      <use xlink:href="icons.svg#caret-bottom"></use>
    </svg>
  </button>
</div>
<div class="dropdown-menu" ref="menu">
  <ul class="list-unstyled">
    <li>
      <a class=" dropdown-item" href="item1url">Item 1</a>
    </li>
    <li>
      <a class=" dropdown-item" href="item2url">Item 2</a>
    </li>
    <li>
      <a class=" dropdown-item active" href="item1ur3">Item 3</a>
    </li>
    <li>
      <a class=" dropdown-item disabled" href="javascript:;">Item 4</a>
    </li>
    <li class="dropdown-item">
      <div class="custom-control custom-checkbox custom-control-inline">
        <label>
          <input class="custom-control-input" name="checkbox5name" value="checkbox5value" ref="input" type="checkbox">
          <span class="custom-control-label">
            <span class="custom-control-label-text">Item 5</span>
          </span>
        </label>
      </div>
    </li>
    <li class="dropdown-item active">
      <div class="custom-control custom-checkbox custom-control-inline">
        <label>
          <input checked="" class="custom-control-input" name="checkbox6name" value="checkbox7value" ref="input" type="checkbox">
          <span class="custom-control-label">
            <span class="custom-control-label-text">Item 7</span>
          </span>
        </label>
      </div>
    </li>
    <li class="dropdown-item">
      <div class="custom-control custom-checkbox custom-control-inline">
        <label>
          <input disabled="disabled" class="custom-control-input" name="checkbox7name" value="checkbox7value" ref="input" type="checkbox">
          <span class="custom-control-label">
            <span class="custom-control-label-text">Item 7</span>
          </span>
        </label>
      </div>
    </li>
  </ul>
  <div class="dropdown-subheader" role="presentation">Radio Group</div>
  <div aria-label="Radio Group" role="radiogroup">
    <ul class="list-unstyled">
      <li class="dropdown-item">
        <div class="custom-control custom-radio custom-control-inline">
          <label>
            <input class="custom-control-input" value="radio8value" ref="input" type="radio" role="radio">
            <span class="custom-control-label">
              <span class="custom-control-label-text">Item 8</span>
            </span>
          </label>
        </div>
      </li>
      <li class="dropdown-item active">
        <div class="custom-control custom-radio custom-control-inline">
          <label>
            <input checked="" class="custom-control-input" value="radio9value" ref="input" type="radio" role="radio">
            <span class="custom-control-label">
              <span class="custom-control-label-text">Item 9</span>
            </span>
          </label>
        </div>
      </li>
      <li class="dropdown-item">
        <div class="custom-control custom-radio custom-control-inline">
          <label>
            <input disabled="disabled" class="custom-control-input" value="radio10value" ref="input" type="radio" role="radio">
            <span class="custom-control-label">
              <span class="custom-control-label-text">Item 10</span>
            </span>
          </label>
        </div>
      </li>
    </ul>
  </div>
  <div aria-hidden="true" class="dropdown-divider" role="presentation"></div>
</div>
`;

exports[`ClayDropdown should render a dropdown with trigger custom classes 1`] = `
<div class="dropdown">
  <button aria-expanded="false" aria-haspopup="true" aria-label="toggle" class="dropdown-toggle btn my-custom-class btn-unstyled" type="button">Trigger
    <svg aria-hidden="true" class="lexicon-icon lexicon-icon-caret-bottom">
      <title>caret-bottom</title>
      <use xlink:href="icons.svg#caret-bottom"></use>
    </svg>
  </button>
</div>
<div class="dropdown-menu" ref="menu">
  <ul class="list-unstyled">
    <li>
      <a class=" dropdown-item" href="item1url">Item 1</a>
    </li>
    <li>
      <a class=" dropdown-item" href="item2url">Item 2</a>
    </li>
    <li>
      <a class=" dropdown-item active" href="item1ur3">Item 3</a>
    </li>
    <li>
      <a class=" dropdown-item disabled" href="javascript:;">Item 4</a>
    </li>
    <li class="dropdown-item">
      <div class="custom-control custom-checkbox custom-control-inline">
        <label>
          <input class="custom-control-input" name="checkbox5name" value="checkbox5value" ref="input" type="checkbox">
          <span class="custom-control-label">
            <span class="custom-control-label-text">Item 5</span>
          </span>
        </label>
      </div>
    </li>
    <li class="dropdown-item active">
      <div class="custom-control custom-checkbox custom-control-inline">
        <label>
          <input checked="" class="custom-control-input" name="checkbox6name" value="checkbox7value" ref="input" type="checkbox">
          <span class="custom-control-label">
            <span class="custom-control-label-text">Item 7</span>
          </span>
        </label>
      </div>
    </li>
    <li class="dropdown-item">
      <div class="custom-control custom-checkbox custom-control-inline">
        <label>
          <input disabled="disabled" class="custom-control-input" name="checkbox7name" value="checkbox7value" ref="input" type="checkbox">
          <span class="custom-control-label">
            <span class="custom-control-label-text">Item 7</span>
          </span>
        </label>
      </div>
    </li>
  </ul>
  <div class="dropdown-subheader" role="presentation">Radio Group</div>
  <div aria-label="Radio Group" role="radiogroup">
    <ul class="list-unstyled">
      <li class="dropdown-item">
        <div class="custom-control custom-radio custom-control-inline">
          <label>
            <input class="custom-control-input" value="radio8value" ref="input" type="radio" role="radio">
            <span class="custom-control-label">
              <span class="custom-control-label-text">Item 8</span>
            </span>
          </label>
        </div>
      </li>
      <li class="dropdown-item active">
        <div class="custom-control custom-radio custom-control-inline">
          <label>
            <input checked="" class="custom-control-input" value="radio9value" ref="input" type="radio" role="radio">
            <span class="custom-control-label">
              <span class="custom-control-label-text">Item 9</span>
            </span>
          </label>
        </div>
      </li>
      <li class="dropdown-item">
        <div class="custom-control custom-radio custom-control-inline">
          <label>
            <input disabled="disabled" class="custom-control-input" value="radio10value" ref="input" type="radio" role="radio">
            <span class="custom-control-label">
              <span class="custom-control-label-text">Item 10</span>
            </span>
          </label>
        </div>
      </li>
    </ul>
  </div>
  <div aria-hidden="true" class="dropdown-divider" role="presentation"></div>
</div>
`;

exports[`ClayDropdown should render a searchable dropdown 1`] = `
<div class="dropdown">
  <button aria-expanded="false" aria-haspopup="true" aria-label="toggle" class="dropdown-toggle btn btn-unstyled" type="button">Trigger
    <svg aria-hidden="true" class="lexicon-icon lexicon-icon-caret-bottom">
      <title>caret-bottom</title>
      <use xlink:href="icons.svg#caret-bottom"></use>
    </svg>
  </button>
</div>
<div class="dropdown-menu" ref="menu">
  <form>
    <div class="dropdown-section">
      <div class="input-group input-group-sm">
        <div class="input-group-item">
          <input aria-label="Search for..." class="form-control input-group-inset input-group-inset-after" placeholder="Search for..." type="text" ref="searchInput">
          <span class="input-group-inset-item input-group-inset-item-after">
            <button class="btn btn-link" aria-label="search" type="button">
              <svg aria-hidden="true" class="lexicon-icon lexicon-icon-search">
                <title>search</title>
                <use xlink:href="icons.svg#search"></use>
              </svg>
            </button>
          </span>
        </div>
      </div>
    </div>
  </form>
  <ul class="list-unstyled">
    <li>
      <a class=" dropdown-item" href="item1url">Item 1</a>
    </li>
    <li>
      <a class=" dropdown-item" href="item2url">Item 2</a>
    </li>
    <li>
      <a class=" dropdown-item active" href="item1ur3">Item 3</a>
    </li>
    <li>
      <a class=" dropdown-item disabled" href="javascript:;">Item 4</a>
    </li>
    <li class="dropdown-item">
      <div class="custom-control custom-checkbox custom-control-inline">
        <label>
          <input class="custom-control-input" name="checkbox5name" value="checkbox5value" ref="input" type="checkbox">
          <span class="custom-control-label">
            <span class="custom-control-label-text">Item 5</span>
          </span>
        </label>
      </div>
    </li>
    <li class="dropdown-item active">
      <div class="custom-control custom-checkbox custom-control-inline">
        <label>
          <input checked="" class="custom-control-input" name="checkbox6name" value="checkbox7value" ref="input" type="checkbox">
          <span class="custom-control-label">
            <span class="custom-control-label-text">Item 7</span>
          </span>
        </label>
      </div>
    </li>
    <li class="dropdown-item">
      <div class="custom-control custom-checkbox custom-control-inline">
        <label>
          <input disabled="disabled" class="custom-control-input" name="checkbox7name" value="checkbox7value" ref="input" type="checkbox">
          <span class="custom-control-label">
            <span class="custom-control-label-text">Item 7</span>
          </span>
        </label>
      </div>
    </li>
  </ul>
  <div class="dropdown-subheader" role="presentation">Radio Group</div>
  <div aria-label="Radio Group" role="radiogroup">
    <ul class="list-unstyled">
      <li class="dropdown-item">
        <div class="custom-control custom-radio custom-control-inline">
          <label>
            <input class="custom-control-input" value="radio8value" ref="input" type="radio" role="radio">
            <span class="custom-control-label">
              <span class="custom-control-label-text">Item 8</span>
            </span>
          </label>
        </div>
      </li>
      <li class="dropdown-item active">
        <div class="custom-control custom-radio custom-control-inline">
          <label>
            <input checked="" class="custom-control-input" value="radio9value" ref="input" type="radio" role="radio">
            <span class="custom-control-label">
              <span class="custom-control-label-text">Item 9</span>
            </span>
          </label>
        </div>
      </li>
      <li class="dropdown-item">
        <div class="custom-control custom-radio custom-control-inline">
          <label>
            <input disabled="disabled" class="custom-control-input" value="radio10value" ref="input" type="radio" role="radio">
            <span class="custom-control-label">
              <span class="custom-control-label-text">Item 10</span>
            </span>
          </label>
        </div>
      </li>
    </ul>
  </div>
  <div aria-hidden="true" class="dropdown-divider" role="presentation"></div>
</div>
`;

exports[`ClayDropdown should render an expanded dropdown 1`] = `
<div class="dropdown show">
  <button aria-expanded="true" aria-haspopup="true" aria-label="toggle" class="dropdown-toggle btn btn-unstyled" type="button">Trigger
    <svg aria-hidden="true" class="lexicon-icon lexicon-icon-caret-bottom">
      <title>caret-bottom</title>
      <use xlink:href="icons.svg#caret-bottom"></use>
    </svg>
  </button>
</div>
<div class="dropdown-menu show" ref="menu" style="top: 0px; left: 0px;">
  <ul class="list-unstyled">
    <li>
      <a class=" dropdown-item" href="item1url">Item 1</a>
    </li>
    <li>
      <a class=" dropdown-item" href="item2url">Item 2</a>
    </li>
    <li>
      <a class=" dropdown-item active" href="item1ur3">Item 3</a>
    </li>
    <li>
      <a class=" dropdown-item disabled" href="javascript:;">Item 4</a>
    </li>
    <li class="dropdown-item">
      <div class="custom-control custom-checkbox custom-control-inline">
        <label>
          <input class="custom-control-input" name="checkbox5name" value="checkbox5value" ref="input" type="checkbox">
          <span class="custom-control-label">
            <span class="custom-control-label-text">Item 5</span>
          </span>
        </label>
      </div>
    </li>
    <li class="dropdown-item active">
      <div class="custom-control custom-checkbox custom-control-inline">
        <label>
          <input checked="" class="custom-control-input" name="checkbox6name" value="checkbox7value" ref="input" type="checkbox">
          <span class="custom-control-label">
            <span class="custom-control-label-text">Item 7</span>
          </span>
        </label>
      </div>
    </li>
    <li class="dropdown-item">
      <div class="custom-control custom-checkbox custom-control-inline">
        <label>
          <input disabled="disabled" class="custom-control-input" name="checkbox7name" value="checkbox7value" ref="input" type="checkbox">
          <span class="custom-control-label">
            <span class="custom-control-label-text">Item 7</span>
          </span>
        </label>
      </div>
    </li>
  </ul>
  <div class="dropdown-subheader" role="presentation">Radio Group</div>
  <div aria-label="Radio Group" role="radiogroup">
    <ul class="list-unstyled">
      <li class="dropdown-item">
        <div class="custom-control custom-radio custom-control-inline">
          <label>
            <input class="custom-control-input" value="radio8value" ref="input" type="radio" role="radio">
            <span class="custom-control-label">
              <span class="custom-control-label-text">Item 8</span>
            </span>
          </label>
        </div>
      </li>
      <li class="dropdown-item active">
        <div class="custom-control custom-radio custom-control-inline">
          <label>
            <input checked="" class="custom-control-input" value="radio9value" ref="input" type="radio" role="radio">
            <span class="custom-control-label">
              <span class="custom-control-label-text">Item 9</span>
            </span>
          </label>
        </div>
      </li>
      <li class="dropdown-item">
        <div class="custom-control custom-radio custom-control-inline">
          <label>
            <input disabled="disabled" class="custom-control-input" value="radio10value" ref="input" type="radio" role="radio">
            <span class="custom-control-label">
              <span class="custom-control-label-text">Item 10</span>
            </span>
          </label>
        </div>
      </li>
    </ul>
  </div>
  <div aria-hidden="true" class="dropdown-divider" role="presentation"></div>
</div>
`;
