// Jest Snapshot v1, https://goo.gl/fbAQLP

exports[`ClayToolbar renders 1`] = `
<div>
  <nav
    class="tbar component-tbar"
  />
</div>
`;
