// Jest Snapshot v1, https://goo.gl/fbAQLP

exports[`ClayLink should render a downloadable link 1`] = `<a download="downloadLink"></a>`;

exports[`ClayLink should render a link with a label 1`] = `<a>My Link</a>`;

exports[`ClayLink should render a link with aria expanded 1`] = `<a aria-expanded="true"></a>`;

exports[`ClayLink should render a link with aria label 1`] = `<a aria-label="My Link"></a>`;

exports[`ClayLink should render a link with button link style 1`] = `<a class="btn btn-link"></a>`;

exports[`ClayLink should render a link with button primary style 1`] = `<a class="btn btn-primary"></a>`;

exports[`ClayLink should render a link with button secondary style 1`] = `<a class="btn btn-secondary"></a>`;

exports[`ClayLink should render a link with classes 1`] = `<a class=" my-custom-class"></a>`;

exports[`ClayLink should render a link with href 1`] = `<a href="http://www.liferay.com"></a>`;

exports[`ClayLink should render a link with icon 1`] = `
<a>
  <svg aria-hidden="true" class="lexicon-icon lexicon-icon-plus" focusable="false">
    <title>plus</title>
    <use xlink:href="icons.svg#plus"></use>
  </svg>
</a>
`;

exports[`ClayLink should render a link with icon and label 1`] = `
<a>
  <svg aria-hidden="true" class="lexicon-icon lexicon-icon-plus" focusable="false">
    <title>plus</title>
    <use xlink:href="icons.svg#plus"></use>
  </svg>My Link</a>
`;

exports[`ClayLink should render a link with id 1`] = `<a id="myId"></a>`;

exports[`ClayLink should render a link with image 1`] = `
<a>
  <img class="img-fluid" src="image.jpg">
</a>
`;

exports[`ClayLink should render a link with image and image alt 1`] = `
<a>
  <img alt="my image" class="img-fluid" src="image.jpg">
</a>
`;

exports[`ClayLink should render a link with label and icon 1`] = `
<a>My Link
  <svg aria-hidden="true" class="lexicon-icon lexicon-icon-plus" focusable="false">
    <title>plus</title>
    <use xlink:href="icons.svg#plus"></use>
  </svg>
</a>
`;

exports[`ClayLink should render a link with secondary style 1`] = `<a class="link-secondary"></a>`;

exports[`ClayLink should render a link with target 1`] = `<a target="_blank"></a>`;

exports[`ClayLink should render a link without the aria expanded 1`] = `<a></a>`;

exports[`ClayLink should render the default markup 1`] = `<a></a>`;
